📦 SDIF CONTEXT PACKING BENCHMARK
Tokenizer: estimate (4 bytes/token)
Budgets: 4K, 8K, 32K, 128K tokens

Document                     Format          Tokens       4K       8K      32K     128K
====================================================================================================
deep-hierarchy-project       SDIF AI          73179        0        0        0        1
                             CSV Bundle       73189        0        0        0        1
                             SDIF             75551        0        0        0        1
                             TOON             75554        0        0        0        1
                             YAML            113041        0        0        0        1
                             JSON Compact    118574        0        0        0        1
                             JSON Pretty     162017        0        0        0        0
                             XML             192059        0        0        0        0
----------------------------------------------------------------------------------------------------
github.openapi               SDIF AI          41843        0        0        0        3
                             CSV Bundle       41885        0        0        0        3
                             SDIF             43413        0        0        0        3
                             TOON             43613        0        0        0        3
                             YAML             70814        0        0        0        1
                             JSON Compact     73106        0        0        0        1
                             JSON Pretty      96711        0        0        0        1
                             XML             118164        0        0        0        1
----------------------------------------------------------------------------------------------------
large-knowledge-graph        SDIF AI          69895        0        0        0        1
                             CSV Bundle       69905        0        0        0        1
                             TOON             72242        0        0        0        1
                             SDIF             72311        0        0        0        1
                             YAML            123802        0        0        0        1
                             JSON Compact    129721        0        0        0        1
                             JSON Pretty     183302        0        0        0        0
                             XML             221097        0        0        0        0
----------------------------------------------------------------------------------------------------
large-plan                   SDIF AI         123089        0        0        0        1
                             CSV Bundle      123104        0        0        0        1
                             SDIF            126199        0        0        0        1
                             TOON            126205        0        0        0        1
                             YAML            195083        0        0        0        0
                             JSON Compact    201176        0        0        0        0
                             JSON Pretty     262124        0        0        0        0
                             XML             318407        0        0        0        0
----------------------------------------------------------------------------------------------------
large-registry               SDIF AI         100680        0        0        0        1
                             CSV Bundle      100693        0        0        0        1
                             SDIF            106542        0        0        0        1
                             TOON            106547        0        0        0        1
                             YAML            209988        0        0        0        0
                             JSON Compact    220956        0        0        0        0
                             JSON Pretty     321329        0        0        0        0
                             XML             413066        0        0        0        0
----------------------------------------------------------------------------------------------------
large-schema-catalog         CSV Bundle       53815        0        0        0        2
                             SDIF AI          55400        0        0        0        2
                             SDIF             57239        0        0        0        2
                             TOON             57282        0        0        0        2
                             YAML            108758        0        0        0        1
                             JSON Compact    111880        0        0        0        1
                             JSON Pretty     163270        0        0        0        0
                             XML             197509        0        0        0        0
----------------------------------------------------------------------------------------------------
large-support-export         SDIF AI          85512        0        0        0        1
                             CSV Bundle       85524        0        0        0        1
                             SDIF             88110        0        0        0        1
                             TOON             88114        0        0        0        1
                             YAML            143347        0        0        0        0
                             JSON Compact    148025        0        0        0        0
                             JSON Pretty     202532        0        0        0        0
                             XML             246683        0        0        0        0
----------------------------------------------------------------------------------------------------
large-validation-report      SDIF AI          95944        0        0        0        1
                             CSV Bundle       95956        0        0        0        1
                             SDIF             97634        0        0        0        1
                             TOON             97917        0        0        0        1
                             YAML            137495        0        0        0        0
                             JSON Compact    139832        0        0        0        0
                             JSON Pretty     177596        0        0        0        0
                             XML             204665        0        0        0        0
----------------------------------------------------------------------------------------------------
medium-invoice-batch         SDIF AI          18476        0        0        1        7
                             CSV Bundle       18486        0        0        1        7
                             SDIF             18965        0        0        1        6
                             TOON             18967        0        0        1        6
                             YAML             34258        0        0        0        3
                             JSON Compact     34890        0        0        0        3
                             JSON Pretty      47898        0        0        0        2
                             XML              59542        0        0        0        2
----------------------------------------------------------------------------------------------------
medium-observability-run     SDIF AI          13983        0        0        2        9
                             CSV Bundle       13995        0        0        2        9
                             SDIF             14595        0        0        2        8
                             TOON             14598        0        0        2        8
                             YAML             27275        0        0        1        4
                             JSON Compact     28689        0        0        1        4
                             JSON Pretty      41996        0        0        0        3
                             XML              51497        0        0        0        2
----------------------------------------------------------------------------------------------------
medium-policy-catalog        SDIF AI          12446        0        0        2       10
                             CSV Bundle       12456        0        0        2       10
                             SDIF             12918        0        0        2       10
                             TOON             12920        0        0        2       10
                             YAML             22907        0        0        1        5
                             JSON Compact     24394        0        0        1        5
                             JSON Pretty      34838        0        0        0        3
                             XML              41875        0        0        0        3
----------------------------------------------------------------------------------------------------
medium-product-catalog       SDIF AI          11888        0        0        2       11
                             CSV Bundle       11900        0        0        2       11
                             SDIF             12696        0        0        2       10
                             TOON             12700        0        0        2       10
                             YAML             26180        0        0        1        5
                             JSON Compact     27843        0        0        1        4
                             JSON Pretty      42264        0        0        0        3
                             XML              53712        0        0        0        2
----------------------------------------------------------------------------------------------------
plan                         SDIF               246       16       33      133      532
                             SDIF AI            250       16       32      131      524
                             TOON               251       16       32      130      522
                             CSV Bundle         260       15       31      126      504
                             YAML               300       13       27      109      436
                             JSON Compact       317       12       25      103      413
                             JSON Pretty        422        9       19       77      310
                             XML                520        7       15       63      252
----------------------------------------------------------------------------------------------------
registry                     SDIF AI            166       24       49      197      789
                             SDIF               169       24       48      193      775
                             TOON               175       23       46      187      748
                             CSV Bundle         180       22       45      182      728
                             YAML               224       18       36      146      585
                             JSON Compact       240       17       34      136      546
                             JSON Pretty        324       12       25      101      404
                             XML                401       10       20       81      326
----------------------------------------------------------------------------------------------------
schema                       SDIF AI            275       14       29      119      476
                             CSV Bundle         291       14       28      112      450
                             SDIF               291       14       28      112      450
                             TOON               296       13       27      110      442
                             YAML               501        8       16       65      261
                             JSON Compact       529        7       15       61      247
                             JSON Pretty        809        5       10       40      162
                             XML               1048        3        7       31      125
----------------------------------------------------------------------------------------------------
small-api-catalog            SDIF AI            410        9       19       79      319
                             CSV Bundle         417        9       19       78      314
                             SDIF               429        9       19       76      305
                             TOON               430        9       19       76      304
                             YAML               728        5       11       45      180
                             JSON Compact       791        5       10       41      165
                             JSON Pretty       1213        3        6       27      108
                             XML               1412        2        5       23       92
----------------------------------------------------------------------------------------------------
small-incident               SDIF AI            641        6       12       51      204
                             CSV Bundle         649        6       12       50      201
                             SDIF               660        6       12       49      198
                             TOON               660        6       12       49      198
                             YAML               987        4        8       33      132
                             JSON Compact      1037        3        7       31      126
                             JSON Pretty       1432        2        5       22       91
                             XML               1702        2        4       19       77
----------------------------------------------------------------------------------------------------
small-invoice                SDIF AI            352       11       23       93      372
                             CSV Bundle         360       11       22       91      364
                             SDIF               364       11       22       90      360
                             TOON               365       11       22       89      359
                             YAML               635        6       12       51      206
                             JSON Compact       661        6       12       49      198
                             JSON Pretty        941        4        8       34      139
                             XML               1185        3        6       27      110
----------------------------------------------------------------------------------------------------
validation-report            SDIF AI            173       23       47      189      757
                             SDIF               184       22       44      178      712
                             TOON               193       21       42      169      679
                             CSV Bundle         194       21       42      168      675
                             YAML               234       17       35      140      560
                             JSON Compact       254       16       32      129      516
                             JSON Pretty        345       11       23       94      379
                             XML                422        9       19       77      310
----------------------------------------------------------------------------------------------------
wide-table-survey            SDIF AI           4652        0        1        7       28
                             CSV Bundle        4658        0        1        7       28
                             SDIF              4764        0        1        6       27
                             TOON              4764        0        1        6       27
                             JSON Compact     16230        0        0        2        8
                             YAML             17594        0        0        1        7
                             JSON Pretty      31238        0        0        1        4
                             XML              37292        0        0        0        3
----------------------------------------------------------------------------------------------------

📈 Fit rate: % of 20 documents that fit at least once per budget
==========================================================================================
Format           Avg tokens   vs JSON       4K       8K      32K     128K
------------------------------------------------------------------------------------------
CSV Bundle          35395.8     55.3%      35%      40%      60%     100%
SDIF AI             35462.7     55.4%      35%      40%      60%     100%
SDIF                36664.0     57.3%      35%      40%      60%     100%
TOON                36689.7     57.4%      35%      40%      60%     100%
YAML                61707.6     96.5%      35%      35%      55%      80%
JSON Compact        63957.2    100.0%      35%      35%      55%      80%
JSON Pretty         88630.1    138.6%      35%      35%      40%      65%
XML                108112.9    169.0%      35%      35%      35%      65%


🧾 Evidence written to results/context_packing
  summary.md:      results/context_packing/summary.md
  summary.json:    results/context_packing/summary.json
  summary.sdif:    results/context_packing/summary.sdif
  summary.sdif.ai: results/context_packing/summary.sdif.ai
  comparison.sdif.ai: results/context_packing/comparison.sdif.ai
  dashboard:       results/context_packing/dashboard.html
  corpus:          results/context_packing/corpus
