📊 SDIF DELTA COMPACTNESS BENCHMARK
Tokenizer: estimate (4 bytes/token)
Mutation: 10% of leaf values changed

Document                     Format          Orig tokens   Δ tokens      Δ%   Diff+   Diff-
====================================================================================================
deep-hierarchy-project       SDIF                  75551 +     1085 +   1.4%     398     398
                             TOON                  75554 +     1085 +   1.4%     398     398
                             JSON Compact         118574 +     1086 +   0.9%       1       1
                             JSON Pretty          162017 +     1086 +   0.7%    2366    2366
                             YAML                 113041 +     1086 +   1.0%    1580    1580
                             XML                  192059 +     1086 +   0.6%    2366    2366
                             CSV Bundle            73189 +     1086 +   1.5%     398     398
                             SDIF AI               73179 +     1086 +   1.5%     398     398
----------------------------------------------------------------------------------------------------
github.openapi               JSON Compact          73106 +      531 +   0.7%       1       1
                             JSON Pretty           96711 +      531 +   0.5%    1210    1210
                             YAML                  70814 +      531 +   0.7%     910     910
                             XML                  118164 +      531 +   0.4%    1210    1210
                             CSV Bundle            41885 +      531 +   1.3%     155     155
                             SDIF                  43413 +      531 +   1.2%     155     155
                             SDIF AI               41843 +      531 +   1.3%     155     155
                             TOON                  43613 +      531 +   1.2%     155     155
----------------------------------------------------------------------------------------------------
large-knowledge-graph        JSON Compact         129721 +     1557 +   1.2%       1       1
                             JSON Pretty          183302 +     1557 +   0.8%    3112    3112
                             YAML                 123802 +     1557 +   1.3%    2076    2076
                             XML                  221097 +     1557 +   0.7%    3112    3112
                             CSV Bundle            69905 +     1557 +   2.2%     519     519
                             SDIF                  72311 +     1557 +   2.2%     519     519
                             SDIF AI               69895 +     1557 +   2.2%     519     519
                             TOON                  72242 +     1557 +   2.2%     519     519
----------------------------------------------------------------------------------------------------
large-plan                   JSON Compact         201176 +     1514 +   0.8%       1       1
                             JSON Pretty          262124 +     1514 +   0.6%    3783    3783
                             YAML                 195083 +     1514 +   0.8%    2271    2271
                             XML                  318407 +     1514 +   0.5%    3783    3783
                             CSV Bundle           123104 +     1514 +   1.2%     757     757
                             SDIF                 126199 +     1514 +   1.2%     757     757
                             SDIF AI              123089 +     1514 +   1.2%     757     757
                             TOON                 126205 +     1514 +   1.2%     757     757
----------------------------------------------------------------------------------------------------
large-registry               YAML                 209988 +     2146 +   1.0%    3554    3554
                             XML                  413066 +     2146 +   0.5%    4736    4736
                             SDIF                 106542 +     2146 +   2.0%     593     593
                             TOON                 106547 +     2146 +   2.0%     593     593
                             JSON Compact         220956 +     2147 +   1.0%       1       1
                             JSON Pretty          321329 +     2147 +   0.7%    4736    4736
                             CSV Bundle           100693 +     2147 +   2.1%     593     593
                             SDIF AI              100680 +     2147 +   2.1%     593     593
----------------------------------------------------------------------------------------------------
large-schema-catalog         CSV Bundle            53815 +      979 +   1.8%     431     431
                             SDIF                  57239 +      979 +   1.7%     431     431
                             JSON Compact         111880 +      980 +   0.9%       1       1
                             JSON Pretty          163270 +      980 +   0.6%    2967    2967
                             YAML                 108758 +      980 +   0.9%    2111    2111
                             XML                  197509 +      980 +   0.5%    2967    2967
                             SDIF AI               55400 +      980 +   1.8%     431     431
                             TOON                  57282 +      980 +   1.7%     431     431
----------------------------------------------------------------------------------------------------
large-support-export         JSON Compact         148025 +     1557 +   1.1%       1       1
                             JSON Pretty          202532 +     1557 +   0.8%    4147    4147
                             CSV Bundle            85524 +     1557 +   1.8%    1041    1041
                             SDIF                  88110 +     1557 +   1.8%    1041    1041
                             SDIF AI               85512 +     1557 +   1.8%    1041    1041
                             TOON                  88114 +     1557 +   1.8%    1041    1041
                             YAML                 143347 +     1558 +   1.1%    2077    2077
                             XML                  246683 +     1558 +   0.6%    4147    4147
----------------------------------------------------------------------------------------------------
large-validation-report      TOON                  97917 +      954 +   1.0%     245     245
                             JSON Pretty          177596 +      980 +   0.6%    1955    1955
                             XML                  204665 +      980 +   0.5%    1955    1955
                             CSV Bundle            95956 +      980 +   1.0%     245     245
                             JSON Compact         139832 +      981 +   0.7%       1       1
                             YAML                 137495 +      981 +   0.7%    1467    1467
                             SDIF                  97634 +      981 +   1.0%     245     245
                             SDIF AI               95944 +      981 +   1.0%     245     245
----------------------------------------------------------------------------------------------------
medium-invoice-batch         YAML                  34258 +      351 +   1.0%     529     529
                             TOON                  18967 +      357 +   1.9%     165     165
                             JSON Compact          34890 +      361 +   1.0%       1       1
                             JSON Pretty           47898 +      361 +   0.8%     847     847
                             XML                   59542 +      361 +   0.6%     847     847
                             CSV Bundle            18486 +      361 +   2.0%     165     165
                             SDIF                  18965 +      362 +   1.9%     165     165
                             SDIF AI               18476 +      362 +   2.0%     165     165
----------------------------------------------------------------------------------------------------
medium-observability-run     JSON Pretty           41996 +      384 +   0.9%     849     849
                             YAML                  27275 +      384 +   1.4%     513     513
                             XML                   51497 +      384 +   0.7%     849     849
                             CSV Bundle            13995 +      384 +   2.7%     174     174
                             SDIF                  14595 +      384 +   2.6%     174     174
                             SDIF AI               13983 +      384 +   2.7%     174     174
                             TOON                  14598 +      384 +   2.6%     174     174
                             JSON Compact          28689 +      385 +   1.3%       1       1
----------------------------------------------------------------------------------------------------
medium-policy-catalog        JSON Compact          24394 +      303 +   1.2%       1       1
                             JSON Pretty           34838 +      304 +   0.9%     673     673
                             YAML                  22907 +      304 +   1.3%     405     405
                             XML                   41875 +      304 +   0.7%     673     673
                             CSV Bundle            12456 +      304 +   2.4%     137     137
                             SDIF                  12918 +      304 +   2.4%     137     137
                             SDIF AI               12446 +      304 +   2.4%     137     137
                             TOON                  12920 +      304 +   2.4%     137     137
----------------------------------------------------------------------------------------------------
medium-product-catalog       JSON Compact          27843 +      390 +   1.4%       1       1
                             JSON Pretty           42264 +      390 +   0.9%     864     864
                             YAML                  26180 +      390 +   1.5%     520     520
                             XML                   53712 +      390 +   0.7%     864     864
                             CSV Bundle            11900 +      390 +   3.3%     174     174
                             SDIF                  12696 +      390 +   3.1%     174     174
                             SDIF AI               11888 +      390 +   3.3%     174     174
                             TOON                  12700 +      390 +   3.1%     174     174
----------------------------------------------------------------------------------------------------
plan                         YAML                    300 +        3 +   1.0%       5       5
                             JSON Compact            317 +        4 +   1.3%       1       1
                             JSON Pretty             422 +        4 +   0.9%       5       5
                             XML                     520 +        4 +   0.8%       5       5
                             CSV Bundle              260 +        4 +   1.5%       5       5
                             SDIF                    246 +        4 +   1.6%       5       5
                             SDIF AI                 250 +        4 +   1.6%       5       5
                             TOON                    251 +        4 +   1.6%       5       5
----------------------------------------------------------------------------------------------------
registry                     JSON Compact            240 +        3 +   1.2%       1       1
                             JSON Pretty             324 +        3 +   0.9%       4       4
                             YAML                    224 +        3 +   1.3%       4       4
                             XML                     401 +        3 +   0.7%       4       4
                             CSV Bundle              180 +        3 +   1.7%       2       2
                             SDIF                    169 +        3 +   1.8%       2       2
                             SDIF AI                 166 +        3 +   1.8%       2       2
                             TOON                    175 +        3 +   1.7%       2       2
----------------------------------------------------------------------------------------------------
schema                       JSON Compact            529 +        6 +   1.1%       1       1
                             JSON Pretty             809 +        6 +   0.7%      13      13
                             XML                    1048 +        6 +   0.6%      13      13
                             CSV Bundle              291 +        6 +   2.1%       4       4
                             SDIF                    291 +        6 +   2.1%       4       4
                             SDIF AI                 275 +        6 +   2.2%       4       4
                             TOON                    296 +        6 +   2.0%       4       4
                             YAML                    501 +        7 +   1.4%      10      10
----------------------------------------------------------------------------------------------------
small-api-catalog            JSON Pretty            1213 +       13 +   1.1%      22      22
                             YAML                    728 +       13 +   1.8%      18      18
                             CSV Bundle              417 +       13 +   3.1%       8       8
                             TOON                    430 +       13 +   3.0%       8       8
                             JSON Compact            791 +       14 +   1.8%       1       1
                             XML                    1412 +       14 +   1.0%      22      22
                             SDIF                    429 +       14 +   3.3%       8       8
                             SDIF AI                 410 +       14 +   3.4%       8       8
----------------------------------------------------------------------------------------------------
small-incident               JSON Compact           1037 +       12 +   1.2%       1       1
                             JSON Pretty            1432 +       12 +   0.8%      22      22
                             YAML                    987 +       12 +   1.2%      16      16
                             XML                    1702 +       12 +   0.7%      22      22
                             CSV Bundle              649 +       12 +   1.8%       4       4
                             SDIF                    660 +       12 +   1.8%       4       4
                             SDIF AI                 641 +       12 +   1.9%       4       4
                             TOON                    660 +       12 +   1.8%       4       4
----------------------------------------------------------------------------------------------------
small-invoice                YAML                    635 +        7 +   1.1%      12      12
                             JSON Compact            661 +        8 +   1.2%       1       1
                             XML                    1185 +        8 +   0.7%      12      12
                             CSV Bundle              360 +        8 +   2.2%       9       9
                             SDIF                    364 +        8 +   2.2%       9       9
                             SDIF AI                 352 +        8 +   2.3%       9       9
                             TOON                    365 +        8 +   2.2%       9       9
                             JSON Pretty             941 +        9 +   1.0%      12      12
----------------------------------------------------------------------------------------------------
validation-report            JSON Compact            254 +        3 +   1.2%       1       1
                             JSON Pretty             345 +        3 +   0.9%       4       4
                             YAML                    234 +        3 +   1.3%       4       4
                             XML                     422 +        3 +   0.7%       4       4
                             CSV Bundle              194 +        3 +   1.5%       2       2
                             SDIF                    184 +        3 +   1.6%       2       2
                             SDIF AI                 173 +        3 +   1.7%       2       2
                             TOON                    193 +        3 +   1.6%       2       2
----------------------------------------------------------------------------------------------------
wide-table-survey            TOON                   4764 +      332 +   7.0%      26      26
                             JSON Compact          16230 +      378 +   2.3%       1       1
                             SDIF                   4764 +      378 +   7.9%      26      26
                             SDIF AI                4652 +      378 +   8.1%      26      26
                             JSON Pretty           31238 +      379 +   1.2%     766     766
                             YAML                  17594 +      379 +   2.2%     724     724
                             XML                   37292 +      379 +   1.0%     766     766
                             CSV Bundle             4658 +      379 +   8.1%      26      26
----------------------------------------------------------------------------------------------------

📈 Mutation sensitivity: full-resend token delta and diff lines per format
   (measures full-document resend overhead, not true delta encoding)
======================================================================
Format           Avg Δ tokens%   Avg diff lines
----------------------------------------------------------------------
XML            +           0.7%           2835.7
JSON Pretty    +           0.8%           2835.7
JSON Compact   +           1.2%              2.0
YAML           +           1.2%           1880.6
TOON           +           2.2%            484.9
SDIF           +           2.2%            484.9
CSV Bundle     +           2.3%            484.9
SDIF AI        +           2.3%            484.9


🧾 Evidence written to results/delta_compactness
  summary.md:   results/delta_compactness/summary.md
  summary.json: results/delta_compactness/summary.json
  summary.sdif: results/delta_compactness/summary.sdif
  dashboard:    results/delta_compactness/dashboard.html
  corpus:       results/delta_compactness/corpus
