🔄 SDIF ROUND-TRIP FIDELITY BENCHMARK
Measures: JSON → format → JSON semantic preservation

Document                     Format           Overall   Value    Type   Struct  Note
====================================================================================================
deep-hierarchy-project       JSON Compact      100.0%  100.0%  100.0%   100.0%  
                             JSON Pretty       100.0%  100.0%  100.0%   100.0%  
                             YAML              100.0%  100.0%  100.0%   100.0%  
                             CSV Bundle        100.0%  100.0%  100.0%   100.0%  
                             SDIF              100.0%  100.0%  100.0%   100.0%  
                             SDIF AI           100.0%  100.0%  100.0%   100.0%  
                             TOON              100.0%  100.0%  100.0%   100.0%  
                             XML                96.4%  100.0%   90.0%   100.0%  
----------------------------------------------------------------------------------------------------
github.openapi               JSON Compact      100.0%  100.0%  100.0%   100.0%  
                             JSON Pretty       100.0%  100.0%  100.0%   100.0%  
                             YAML              100.0%  100.0%  100.0%   100.0%  
                             SDIF              100.0%  100.0%  100.0%   100.0%  
                             SDIF AI           100.0%  100.0%  100.0%   100.0%  
                             TOON              100.0%  100.0%  100.0%   100.0%  
                             CSV Bundle         96.2%  100.0%   89.3%   100.0%  
                             XML                91.3%   87.4%   87.4%   100.0%  
----------------------------------------------------------------------------------------------------
large-knowledge-graph        JSON Compact      100.0%  100.0%  100.0%   100.0%  
                             JSON Pretty       100.0%  100.0%  100.0%   100.0%  
                             YAML              100.0%  100.0%  100.0%   100.0%  
                             CSV Bundle        100.0%  100.0%  100.0%   100.0%  
                             SDIF              100.0%  100.0%  100.0%   100.0%  
                             SDIF AI           100.0%  100.0%  100.0%   100.0%  
                             TOON               99.8%  100.0%   99.3%   100.0%  
                             XML                93.9%  100.0%   83.7%   100.0%  
----------------------------------------------------------------------------------------------------
large-plan                   JSON Compact      100.0%  100.0%  100.0%   100.0%  
                             JSON Pretty       100.0%  100.0%  100.0%   100.0%  
                             YAML              100.0%  100.0%  100.0%   100.0%  
                             CSV Bundle        100.0%  100.0%  100.0%   100.0%  
                             SDIF              100.0%  100.0%  100.0%   100.0%  
                             SDIF AI           100.0%  100.0%  100.0%   100.0%  
                             TOON              100.0%  100.0%  100.0%   100.0%  
                             XML                93.6%  100.0%   83.1%   100.0%  
----------------------------------------------------------------------------------------------------
large-registry               JSON Compact      100.0%  100.0%  100.0%   100.0%  
                             JSON Pretty       100.0%  100.0%  100.0%   100.0%  
                             YAML              100.0%  100.0%  100.0%   100.0%  
                             CSV Bundle        100.0%  100.0%  100.0%   100.0%  
                             SDIF              100.0%  100.0%  100.0%   100.0%  
                             SDIF AI           100.0%  100.0%  100.0%   100.0%  
                             TOON              100.0%  100.0%  100.0%   100.0%  
                             XML                85.5%   79.7%   79.7%   100.0%  
----------------------------------------------------------------------------------------------------
large-schema-catalog         JSON Compact      100.0%  100.0%  100.0%   100.0%  
                             JSON Pretty       100.0%  100.0%  100.0%   100.0%  
                             YAML              100.0%  100.0%  100.0%   100.0%  
                             SDIF              100.0%  100.0%  100.0%   100.0%  
                             SDIF AI           100.0%  100.0%  100.0%   100.0%  
                             TOON              100.0%  100.0%  100.0%   100.0%  
                             CSV Bundle         89.3%   84.8%   84.8%   100.0%  
                             XML                84.9%   80.4%   77.6%   100.0%  
----------------------------------------------------------------------------------------------------
large-support-export         JSON Compact      100.0%  100.0%  100.0%   100.0%  
                             JSON Pretty       100.0%  100.0%  100.0%   100.0%  
                             YAML              100.0%  100.0%  100.0%   100.0%  
                             CSV Bundle        100.0%  100.0%  100.0%   100.0%  
                             SDIF              100.0%  100.0%  100.0%   100.0%  
                             SDIF AI           100.0%  100.0%  100.0%   100.0%  
                             TOON              100.0%  100.0%  100.0%   100.0%  
                             XML                83.2%   85.0%   70.0%   100.0%  
----------------------------------------------------------------------------------------------------
large-validation-report      JSON Compact      100.0%  100.0%  100.0%   100.0%  
                             JSON Pretty       100.0%  100.0%  100.0%   100.0%  
                             YAML              100.0%  100.0%  100.0%   100.0%  
                             SDIF              100.0%  100.0%  100.0%   100.0%  
                             SDIF AI           100.0%  100.0%  100.0%   100.0%  
                             TOON              100.0%  100.0%  100.0%   100.0%  
                             CSV Bundle         98.7%  100.0%   96.2%   100.0%  
                             XML                97.2%  100.0%   92.0%   100.0%  
----------------------------------------------------------------------------------------------------
medium-invoice-batch         JSON Compact      100.0%  100.0%  100.0%   100.0%  
                             JSON Pretty       100.0%  100.0%  100.0%   100.0%  
                             YAML              100.0%  100.0%  100.0%   100.0%  
                             CSV Bundle        100.0%  100.0%  100.0%   100.0%  
                             SDIF              100.0%  100.0%  100.0%   100.0%  
                             SDIF AI           100.0%  100.0%  100.0%   100.0%  
                             TOON              100.0%  100.0%  100.0%   100.0%  
                             XML                80.5%  100.0%   57.9%   100.0%  
----------------------------------------------------------------------------------------------------
medium-observability-run     JSON Compact      100.0%  100.0%  100.0%   100.0%  
                             JSON Pretty       100.0%  100.0%  100.0%   100.0%  
                             YAML              100.0%  100.0%  100.0%   100.0%  
                             CSV Bundle        100.0%  100.0%  100.0%   100.0%  
                             SDIF              100.0%  100.0%  100.0%   100.0%  
                             SDIF AI           100.0%  100.0%  100.0%   100.0%  
                             TOON              100.0%  100.0%  100.0%   100.0%  
                             XML                92.8%  100.0%   81.2%   100.0%  
----------------------------------------------------------------------------------------------------
medium-policy-catalog        JSON Compact      100.0%  100.0%  100.0%   100.0%  
                             JSON Pretty       100.0%  100.0%  100.0%   100.0%  
                             YAML              100.0%  100.0%  100.0%   100.0%  
                             XML               100.0%  100.0%  100.0%   100.0%  
                             CSV Bundle        100.0%  100.0%  100.0%   100.0%  
                             SDIF              100.0%  100.0%  100.0%   100.0%  
                             SDIF AI           100.0%  100.0%  100.0%   100.0%  
                             TOON              100.0%  100.0%  100.0%   100.0%  
----------------------------------------------------------------------------------------------------
medium-product-catalog       JSON Compact      100.0%  100.0%  100.0%   100.0%  
                             JSON Pretty       100.0%  100.0%  100.0%   100.0%  
                             YAML              100.0%  100.0%  100.0%   100.0%  
                             CSV Bundle        100.0%  100.0%  100.0%   100.0%  
                             SDIF              100.0%  100.0%  100.0%   100.0%  
                             SDIF AI           100.0%  100.0%  100.0%   100.0%  
                             TOON              100.0%  100.0%  100.0%   100.0%  
                             XML                93.5%  100.0%   82.8%   100.0%  
----------------------------------------------------------------------------------------------------
plan                         JSON Compact      100.0%  100.0%  100.0%   100.0%  
                             JSON Pretty       100.0%  100.0%  100.0%   100.0%  
                             YAML              100.0%  100.0%  100.0%   100.0%  
                             XML               100.0%  100.0%  100.0%   100.0%  
                             SDIF              100.0%  100.0%  100.0%   100.0%  
                             TOON              100.0%  100.0%  100.0%   100.0%  
                             SDIF AI            93.6%   92.5%  100.0%    88.9%  
                             CSV Bundle         91.5%   97.2%  100.0%    80.0%  
----------------------------------------------------------------------------------------------------
registry                     JSON Compact      100.0%  100.0%  100.0%   100.0%  
                             JSON Pretty       100.0%  100.0%  100.0%   100.0%  
                             YAML              100.0%  100.0%  100.0%   100.0%  
                             XML               100.0%  100.0%  100.0%   100.0%  
                             SDIF              100.0%  100.0%  100.0%   100.0%  
                             TOON              100.0%  100.0%  100.0%   100.0%  
                             CSV Bundle         97.0%  100.0%  100.0%    91.4%  
                             SDIF AI            97.0%   91.4%  100.0%   100.0%  
----------------------------------------------------------------------------------------------------
schema                       JSON Compact      100.0%  100.0%  100.0%   100.0%  
                             JSON Pretty       100.0%  100.0%  100.0%   100.0%  
                             YAML              100.0%  100.0%  100.0%   100.0%  
                             CSV Bundle        100.0%  100.0%  100.0%   100.0%  
                             SDIF              100.0%  100.0%  100.0%   100.0%  
                             SDIF AI           100.0%  100.0%  100.0%   100.0%  
                             TOON              100.0%  100.0%  100.0%   100.0%  
                             XML                76.9%   76.2%   62.9%   100.0%  
----------------------------------------------------------------------------------------------------
small-api-catalog            JSON Compact      100.0%  100.0%  100.0%   100.0%  
                             JSON Pretty       100.0%  100.0%  100.0%   100.0%  
                             YAML              100.0%  100.0%  100.0%   100.0%  
                             CSV Bundle        100.0%  100.0%  100.0%   100.0%  
                             SDIF              100.0%  100.0%  100.0%   100.0%  
                             SDIF AI           100.0%  100.0%  100.0%   100.0%  
                             TOON              100.0%  100.0%  100.0%   100.0%  
                             XML                99.6%   99.4%   99.4%   100.0%  
----------------------------------------------------------------------------------------------------
small-incident               JSON Compact      100.0%  100.0%  100.0%   100.0%  
                             JSON Pretty       100.0%  100.0%  100.0%   100.0%  
                             YAML              100.0%  100.0%  100.0%   100.0%  
                             CSV Bundle        100.0%  100.0%  100.0%   100.0%  
                             SDIF              100.0%  100.0%  100.0%   100.0%  
                             SDIF AI           100.0%  100.0%  100.0%   100.0%  
                             TOON              100.0%  100.0%  100.0%   100.0%  
                             XML                94.3%   99.4%   85.0%   100.0%  
----------------------------------------------------------------------------------------------------
small-invoice                JSON Compact      100.0%  100.0%  100.0%   100.0%  
                             JSON Pretty       100.0%  100.0%  100.0%   100.0%  
                             YAML              100.0%  100.0%  100.0%   100.0%  
                             CSV Bundle        100.0%  100.0%  100.0%   100.0%  
                             SDIF              100.0%  100.0%  100.0%   100.0%  
                             SDIF AI           100.0%  100.0%  100.0%   100.0%  
                             TOON              100.0%  100.0%  100.0%   100.0%  
                             XML                86.7%   99.2%   68.9%   100.0%  
----------------------------------------------------------------------------------------------------
validation-report            JSON Compact      100.0%  100.0%  100.0%   100.0%  
                             JSON Pretty       100.0%  100.0%  100.0%   100.0%  
                             YAML              100.0%  100.0%  100.0%   100.0%  
                             XML               100.0%  100.0%  100.0%   100.0%  
                             CSV Bundle        100.0%  100.0%  100.0%   100.0%  
                             SDIF              100.0%  100.0%  100.0%   100.0%  
                             TOON              100.0%  100.0%  100.0%   100.0%  
                             SDIF AI            96.0%   88.9%  100.0%   100.0%  
----------------------------------------------------------------------------------------------------
wide-table-survey            JSON Compact      100.0%  100.0%  100.0%   100.0%  
                             JSON Pretty       100.0%  100.0%  100.0%   100.0%  
                             YAML              100.0%  100.0%  100.0%   100.0%  
                             CSV Bundle        100.0%  100.0%  100.0%   100.0%  
                             SDIF              100.0%  100.0%  100.0%   100.0%  
                             SDIF AI           100.0%  100.0%  100.0%   100.0%  
                             TOON              100.0%  100.0%  100.0%   100.0%  
                             XML                23.2%  100.0%    9.1%   100.0%  
----------------------------------------------------------------------------------------------------

📈 Average overall fidelity by format
============================================================
  JSON Compact    100.0%  (20 docs)
  JSON Pretty     100.0%  (20 docs)
  YAML            100.0%  (20 docs)
  SDIF            100.0%  (20 docs)
  TOON            100.0%  (20 docs)
  SDIF AI          99.3%  (20 docs)
  CSV Bundle       98.6%  (20 docs)
  XML              88.7%  (20 docs)


🧾 Evidence written to results/roundtrip_fidelity
  summary.md:   results/roundtrip_fidelity/summary.md
  summary.json: results/roundtrip_fidelity/summary.json
  summary.sdif: results/roundtrip_fidelity/summary.sdif
  dashboard:    results/roundtrip_fidelity/dashboard.html
  corpus:       results/roundtrip_fidelity/corpus
